// Jest Snapshot v1, https://goo.gl/fbAQLP

exports[`Menu Component should render correctly 1`] = `
<div>
  <Card
    color="secondary"
    outline={true}
    tag="div"
  >
    <CardHeader
      style={
        Object {
          "backgroundColor": "grey",
        }
      }
      tag="h3"
    >
      <Row
        tag="div"
      >
        <Col
          md="6"
          tag="div"
          widths={
            Array [
              "xs",
              "sm",
              "md",
              "lg",
              "xl",
            ]
          }
        >
          Order Details
        </Col>
        <Col
          md="6"
          tag="div"
          widths={
            Array [
              "xs",
              "sm",
              "md",
              "lg",
              "xl",
            ]
          }
        >
            
          <Button
            className="float-right"
            color="danger"
            onClick={[Function]}
            outline={true}
            style={
              Object {
                "color": "orange",
              }
            }
            tag="button"
          >
            CLOSE ORDER
          </Button>
        </Col>
      </Row>
    </CardHeader>
    <CardBody
      tag="div"
    >
      <CardText
        tag="p"
      >
        <div
          id="scrollableContainer"
        >
          <Table
            responsiveTag="div"
            tag="table"
          >
            <thead
              style={
                Object {
                  "backgroundColor": "orange",
                }
              }
            >
              <tr>
                <th>
                  X
                </th>
                <th>
                  Product
                </th>
                <th>
                  Quantity
                </th>
                <th>
                  Price
                </th>
              </tr>
            </thead>
            <tbody />
          </Table>
        </div>
      </CardText>
    </CardBody>
    <CardFooter
      style={
        Object {
          "backgroundColor": "grey",
        }
      }
      tag="div"
    >
      <Row
        tag="div"
      >
        <Col
          md="6"
          tag="div"
          widths={
            Array [
              "xs",
              "sm",
              "md",
              "lg",
              "xl",
            ]
          }
        />
        <Col
          md="6"
          tag="div"
          widths={
            Array [
              "xs",
              "sm",
              "md",
              "lg",
              "xl",
            ]
          }
        >
          <h5>
            Total Payable: Rs. 
            <strong
              style={
                Object {
                  "color": "orange",
                }
              }
            >
              0
            </strong>
          </h5>
        </Col>
      </Row>
    </CardFooter>
  </Card>
</div>
`;
